// Jest Snapshot v1, https://goo.gl/fbAQLP

exports[`Probando componente con estados Valdiar que coincida con Snapshot 1`] = `
<div>
  <button
    onClick={[Function]}
  >
    Increment
  </button>
  -
  <button
    onClick={[Function]}
  >
    Decrement
  </button>
  <h1>
    0
  </h1>
</div>
`;
